asmllm Multi-Threaded Benchmark Summary
{
  "date": "2026-07-27",
  "system": "Darwin 23.6.0 (arm)",
  "matmul_q4_mt": {
    "1": {
      "median_ms": 0.504062499999236,
      "iqr_ms": 0.014604999996947754,
      "gflops": 66.56799900816041,
      "speedup": 1.0
    },
    "2": {
      "median_ms": 0.3260625000081063,
      "iqr_ms": 0.03167650000790445,
      "gflops": 102.90797622899228,
      "speedup": 1.5459076096966207
    },
    "4": {
      "median_ms": 0.5381040000003168,
      "iqr_ms": 0.19280274999999847,
      "gflops": 62.35677861524956,
      "speedup": 0.9367380655020949
    },
    "8": {
      "median_ms": 0.36758350000809514,
      "iqr_ms": 0.0898332500014476,
      "gflops": 91.28383618759015,
      "speedup": 1.371287068076057
    }
  },
  "token_generation_mt": {
    "1": {
      "median_ms": 248.36945900000273,
      "iqr_ms": 2.542875000017375,
      "tokens_per_sec": 515.3612707269237,
      "speedup": 1.0
    },
    "2": {
      "median_ms": 253.72587499998644,
      "iqr_ms": 15.570542000006071,
      "tokens_per_sec": 504.48146055268046,
      "speedup": 0.9788889643203161
    },
    "4": {
      "median_ms": 320.61337499999354,
      "iqr_ms": 21.980582999987064,
      "tokens_per_sec": 399.2347480824921,
      "speedup": 0.774669674962898
    },
    "8": {
      "median_ms": 366.8417500000203,
      "iqr_ms": 42.17683400000283,
      "tokens_per_sec": 348.92429773871953,
      "speedup": 0.6770479614165754
    }
  }
}
